  Determining projects to restore...
  All projects are up-to-date for restore.
  BannerPigeon -> C:\Users\Travis\Documents\GitHub\BannerPigeon\bin\Debug\BannerPigeon.dll
  Copied BannerPigeon.dll to Editor folder

Build succeeded.
    0 Warning(s)
    0 Error(s)

Time Elapsed 00:00:00.93
